[2026-06-05 17:34:18.772] [libgixsql] [error] Cannot initialize connection parameters, aborting, data source is [                                                                ]
[2026-06-05 17:34:28.054] [libgixsql] [error] Cannot initialize connection parameters, aborting, data source is [                                                                ]
[2026-06-05 17:35:07.272] [libgixsql] [error] Cannot initialize connection parameters, aborting, data source is [                                                                ]
[2026-06-05 17:35:08.932] [libgixsql] [error] Cannot initialize connection parameters, aborting, data source is [                                                                ]
[2026-06-05 17:35:14.739] [libgixsql] [error] Cannot initialize connection parameters, aborting, data source is [                                                                ]
[2026-06-05 17:35:35.920] [libgixsql] [error] Cannot initialize connection parameters, aborting, data source is [                                                                ]
[2026-06-05 17:37:52.416] [libgixsql] [error] Cannot initialize connection parameters, aborting, data source is [                                                                ]
[2026-06-05 17:38:22.029] [libgixsql-pgsql] [error] libpq: connection to server at "localhost" (::1), port 5434 failed: Connection refused
	Is the server running on that host and accepting TCP/IP connections?
connection to server at "localhost" (127.0.0.1), port 5434 failed: Connection refused
	Is the server running on that host and accepting TCP/IP connections?

[2026-08-31 05:51:36.695] [libgixsql] [error] move_to_first_record failed: -122 - 02000: 
[2026-08-31 05:51:36.699] [libgixsql] [error] move_to_first_record failed: -122 - 02000: 
[2026-08-31 05:51:36.701] [libgixsql] [error] move_to_first_record failed: -122 - 02000: 
[2026-08-31 05:51:36.704] [libgixsql] [error] move_to_first_record failed: -122 - 02000: 
[2026-08-31 05:51:36.710] [libgixsql-pgsql] [error] ERROR (7 - 22P02): ERROR:  invalid input syntax for type numeric: "          "
CONTEXT:  unnamed portal parameter $1 = '...'

[2026-08-31 05:51:36.713] [libgixsql] [error] move_to_first_record failed: -122 - 02000: 
[2026-08-31 05:51:36.716] [libgixsql] [error] move_to_first_record failed: -122 - 02000: 
[2026-08-31 06:01:24.868] [libgixsql] [error] move_to_first_record failed: -122 - 02000: 
[2026-08-31 06:01:24.870] [libgixsql] [error] move_to_first_record failed: -122 - 02000: 
[2026-08-31 06:01:24.873] [libgixsql] [error] move_to_first_record failed: -122 - 02000: 
[2026-08-31 06:01:24.875] [libgixsql] [error] move_to_first_record failed: -122 - 02000: 
[2026-08-31 06:01:24.877] [libgixsql-pgsql] [error] ERROR (7 - 22P02): ERROR:  invalid input syntax for type numeric: "          "
CONTEXT:  unnamed portal parameter $1 = '...'

[2026-08-31 06:01:24.880] [libgixsql] [error] move_to_first_record failed: -122 - 02000: 
[2026-08-31 06:01:24.883] [libgixsql] [error] move_to_first_record failed: -122 - 02000: 
[2026-08-31 17:05:12.521] [libgixsql] [error] move_to_first_record failed: -122 - 02000: 
[2026-08-31 17:57:53.192] [libgixsql] [error] move_to_first_record failed: -122 - 02000: 
[2026-08-31 19:52:22.875] [libgixsql] [error] move_to_first_record failed: -122 - 02000: 
